#-----------------------------------------------------------
# Webtalk v2020.1.1 (64-bit)
# SW Build 2960000 on Wed Aug  5 22:57:20 MDT 2020
# IP Build 2956692 on Thu Aug  6 01:41:30 MDT 2020
# Start of session at: Wed Oct 21 16:32:16 2020
# Process ID: 21480
# Current directory: D:/Computer_Programming/Logic_Designer/LogicDesignLAB/lab3/lab3_AQ2/lab3_AQ2.sim/sim_1/behav/xsim
# Command line: wbtcv.exe -mode batch -source D:/Computer_Programming/Logic_Designer/LogicDesignLAB/lab3/lab3_AQ2/lab3_AQ2.sim/sim_1/behav/xsim/xsim.dir/Memory_tb_behav/webtalk/xsim_webtalk.tcl -notrace
# Log file: D:/Computer_Programming/Logic_Designer/LogicDesignLAB/lab3/lab3_AQ2/lab3_AQ2.sim/sim_1/behav/xsim/webtalk.log
# Journal file: D:/Computer_Programming/Logic_Designer/LogicDesignLAB/lab3/lab3_AQ2/lab3_AQ2.sim/sim_1/behav/xsim\webtalk.jou
#-----------------------------------------------------------
source D:/Computer_Programming/Logic_Designer/LogicDesignLAB/lab3/lab3_AQ2/lab3_AQ2.sim/sim_1/behav/xsim/xsim.dir/Memory_tb_behav/webtalk/xsim_webtalk.tcl -notrace
