#-----------------------------------------------------------
# Vivado v2020.1.1 (64-bit)
# SW Build 2960000 on Wed Aug  5 22:57:20 MDT 2020
# IP Build 2956692 on Thu Aug  6 01:41:30 MDT 2020
# Start of session at: Sat Oct 17 17:15:59 2020
# Process ID: 23800
# Current directory: D:/Computer_Programming/Logic_Designer/LogicDesignLAB/lab3/Basic_1
# Command line: vivado.exe -gui_launcher_event rodinguilauncherevent14796 D:\Computer_Programming\Logic_Designer\LogicDesignLAB\lab3\Basic_1\Basic_1.xpr
# Log file: D:/Computer_Programming/Logic_Designer/LogicDesignLAB/lab3/Basic_1/vivado.log
# Journal file: D:/Computer_Programming/Logic_Designer/LogicDesignLAB/lab3/Basic_1\vivado.jou
#-----------------------------------------------------------
start_gui
open_project D:/Computer_Programming/Logic_Designer/LogicDesignLAB/lab3/Basic_1/Basic_1.xpr
update_compile_order -fileset sources_1
# Disabling source management mode.  This is to allow the top design properties to be set without GUI intervention.
set_property source_mgmt_mode None [current_project]
set_property top Ping_Pong_Counter_t [current_fileset]
# Re-enabling previously disabled source management mode.
set_property source_mgmt_mode All [current_project]
update_compile_order -fileset sources_1
set_property top Ping_Pong_Counter_t [get_filesets sim_1]
set_property top_lib xil_defaultlib [get_filesets sim_1]
launch_simulation
source Ping_Pong_Counter_t.tcl
close_sim
